// Jest Snapshot v1, https://goo.gl/fbAQLP

exports[`Calculator page should match the snapshot 1`] = `
<div
  className="MuiBox-root MuiBox-root-1"
>
  <div>
    <div
      className="element text"
    >
      0
    </div>
    <div>
      <div>
        <div
          className="button btn-primary"
          onClick={[Function]}
          onKeyDown={[Function]}
          role="button"
          tabIndex={0}
        >
          <span
            className="text"
          >
            AC
          </span>
        </div>
        <div
          className="button btn-primary"
          onClick={[Function]}
          onKeyDown={[Function]}
          role="button"
          tabIndex={0}
        >
          <span
            className="text"
          >
            +/-
          </span>
        </div>
        <div
          className="button btn-primary"
          onClick={[Function]}
          onKeyDown={[Function]}
          role="button"
          tabIndex={0}
        >
          <span
            className="text"
          >
            %
          </span>
        </div>
        <div
          className="button btn-primary"
          onClick={[Function]}
          onKeyDown={[Function]}
          role="button"
          tabIndex={0}
        >
          <span
            className="text"
          >
            ÷
          </span>
        </div>
      </div>
      <div>
        <div
          className="button"
          onClick={[Function]}
          onKeyDown={[Function]}
          role="button"
          tabIndex={0}
        >
          <span
            className="text"
          >
            7
          </span>
        </div>
        <div
          className="button"
          onClick={[Function]}
          onKeyDown={[Function]}
          role="button"
          tabIndex={0}
        >
          <span
            className="text"
          >
            8
          </span>
        </div>
        <div
          className="button"
          onClick={[Function]}
          onKeyDown={[Function]}
          role="button"
          tabIndex={0}
        >
          <span
            className="text"
          >
            9
          </span>
        </div>
        <div
          className="button btn-primary"
          onClick={[Function]}
          onKeyDown={[Function]}
          role="button"
          tabIndex={0}
        >
          <span
            className="text"
          >
            X
          </span>
        </div>
      </div>
      <div>
        <div
          className="button"
          onClick={[Function]}
          onKeyDown={[Function]}
          role="button"
          tabIndex={0}
        >
          <span
            className="text"
          >
            4
          </span>
        </div>
        <div
          className="button"
          onClick={[Function]}
          onKeyDown={[Function]}
          role="button"
          tabIndex={0}
        >
          <span
            className="text"
          >
            5
          </span>
        </div>
        <div
          className="button"
          onClick={[Function]}
          onKeyDown={[Function]}
          role="button"
          tabIndex={0}
        >
          <span
            className="text"
          >
            6
          </span>
        </div>
        <div
          className="button btn-primary"
          onClick={[Function]}
          onKeyDown={[Function]}
          role="button"
          tabIndex={0}
        >
          <span
            className="text"
          >
            −
          </span>
        </div>
      </div>
      <div>
        <div
          className="button"
          onClick={[Function]}
          onKeyDown={[Function]}
          role="button"
          tabIndex={0}
        >
          <span
            className="text"
          >
            1
          </span>
        </div>
        <div
          className="button"
          onClick={[Function]}
          onKeyDown={[Function]}
          role="button"
          tabIndex={0}
        >
          <span
            className="text"
          >
            2
          </span>
        </div>
        <div
          className="button"
          onClick={[Function]}
          onKeyDown={[Function]}
          role="button"
          tabIndex={0}
        >
          <span
            className="text"
          >
            3
          </span>
        </div>
        <div
          className="button btn-primary"
          onClick={[Function]}
          onKeyDown={[Function]}
          role="button"
          tabIndex={0}
        >
          <span
            className="text"
          >
            +
          </span>
        </div>
      </div>
      <div>
        <div
          className="button button-zero"
          onClick={[Function]}
          onKeyDown={[Function]}
          role="button"
          tabIndex={0}
        >
          <span
            className="text"
          >
            0
          </span>
        </div>
        <div
          className="button"
          onClick={[Function]}
          onKeyDown={[Function]}
          role="button"
          tabIndex={0}
        >
          <span
            className="text"
          >
            .
          </span>
        </div>
        <div
          className="button btn-primary"
          onClick={[Function]}
          onKeyDown={[Function]}
          role="button"
          tabIndex={0}
        >
          <span
            className="text"
          >
            =
          </span>
        </div>
      </div>
    </div>
  </div>
</div>
`;
